In file included from FileSystem.h:7:0,
                 from Directory.h:6,
                 from Directory.cpp:2:
diskprocess.h:60:12: error: field ‘logfile’ has incomplete type ‘std::ofstream {aka std::basic_ofstream<char>}’
   ofstream logfile;   // the file to log debug info to if logging
            ^~~~~~~
In file included from /usr/include/c++/6.3.1/ios:38:0,
                 from /usr/include/c++/6.3.1/ostream:38,
                 from /usr/include/c++/6.3.1/iostream:39,
                 from Directory.cpp:1:
/usr/include/c++/6.3.1/iosfwd:119:11: note: declaration of ‘std::ofstream {aka class std::basic_ofstream<char>}’
     class basic_ofstream;
           ^~~~~~~~~~~~~~
In file included from Directory.cpp:2:0:
Directory.h:24:63: error: could not convert ‘(operator new(24ul), (<statement>, ((std::vector<FileControlBlock>*)<anonymous>)))’ from ‘std::vector<FileControlBlock>*’ to ‘std::vector<FileControlBlock>’
   vector<FileControlBlock> dir = new vector<FileControlBlock>();
                                                               ^
Directory.cpp: In function ‘bool createFile(std::__cxx11::string)’:
Directory.cpp:6:22: error: ‘hasFreeSpace’ was not declared in this scope
     if(!hasFreeSpace()){
                      ^
Directory.cpp:9:5: error: ‘dir’ was not declared in this scope
     dir[counter] = new FileControlBlock(name);
     ^~~
Directory.cpp:9:9: error: ‘counter’ was not declared in this scope
     dir[counter] = new FileControlBlock(name);
         ^~~~~~~
Directory.cpp: In function ‘bool nameExists(std::__cxx11::string)’:
Directory.cpp:16:50: error: ‘dir’ was not declared in this scope
     for (vector<FileControlBlock>::iterator it = dir.begin() ; it != dir.end(); ++it){
                                                  ^~~
Directory.cpp:17:14: error: ‘i’ was not declared in this scope
       if(dir[i] == name){
              ^
Directory.cpp: In function ‘std::__cxx11::string getFileName(int)’:
Directory.cpp:25:12: error: ‘dir’ was not declared in this scope
     return(dir[file].getFile());
            ^~~
Directory.cpp: In function ‘int getFileSize(int)’:
Directory.cpp:29:12: error: ‘dir’ was not declared in this scope
     return(dir[file].getSize());
            ^~~
Directory.cpp: In function ‘bool deleteFile(std::__cxx11::string)’:
Directory.cpp:32:33: error: ‘getFCB’ was not declared in this scope
     return(freeSpace(getFCB(name).getFirstPointer(), getFCB(name).getLastPointer()));
                                 ^
Directory.cpp:32:83: error: ‘freeSpace’ was not declared in this scope
     return(freeSpace(getFCB(name).getFirstPointer(), getFCB(name).getLastPointer()));
                                                                                   ^
Directory.cpp: In function ‘FileControlBlock getFCB(std::__cxx11::string)’:
Directory.cpp:35:50: error: ‘dir’ was not declared in this scope
     for (vector<FileControlBlock>::iterator it = dir.begin() ; it != dir.end(); ++it){
                                                  ^~~
Directory.cpp:36:14: error: ‘i’ was not declared in this scope
       if(dir[i] == name)
              ^
In file included from FileSystem.cpp:6:0:
diskprocess.h:60:3: error: ‘ofstream’ does not name a type
   ofstream logfile;   // the file to log debug info to if logging
   ^~~~~~~~
diskprocess.h:61:3: error: ‘vector’ does not name a type
   vector<DiskBlockType*> disk; // this is the data for the disk
   ^~~~~~
diskprocess.h:100:22: error: ‘string’ has not been declared
   bool enableLogging(string logfileName);
                      ^~~~~~
diskprocess.h: In constructor ‘DiskProcessType::DiskProcessType(int, int)’:
diskprocess.h:72:7: error: ‘disk’ was not declared in this scope
       disk.push_back(NULL); // initialize block ptrs
       ^~~~
diskprocess.h: In destructor ‘DiskProcessType::~DiskProcessType()’:
diskprocess.h:77:11: error: ‘disk’ was not declared in this scope
       if (disk[i]!=NULL) // block was used
           ^~~~
diskprocess.h:80:7: error: ‘logfile’ was not declared in this scope
       logfile << "DISK: Terminating.\n";
       ^~~~~~~
FileSystem.cpp: In member function ‘bool FileSystem::saveFileToDisk(int, int&, std::__cxx11::string)’:
FileSystem.cpp:67:42: error: ‘strcpy’ was not declared in this scope
         strcpy(buffer->data, test.c_str());
                                          ^
FileSystem.cpp: In member function ‘bool FileSystem::deleteFileFromDisk(int, int)’:
FileSystem.cpp:89:47: error: ‘bsize’ was not declared in this scope
     DiskBlockType *buffer = new DiskBlockType(bsize);
                                               ^~~~~
FileSystem.cpp:96:32: error: ‘strlen’ is not a member of ‘std’
                     std::cout<<std::strlen(buffer->data)<<std::endl;
                                ^~~
FileSystem.cpp:97:40: error: ‘strlen’ is not a member of ‘std’
                     for(int i = 0; i < std::strlen(buffer->data); i++){
                                        ^~~
FileSystem.cpp: In member function ‘int FileSystem::getNextFree()’:
FileSystem.cpp:124:9: error: ‘freeSpace’ was not declared in this scope
   while(freeSpace[i] != true){
         ^~~~~~~~~
FileSystem.cpp: In member function ‘std::__cxx11::string FileSystem::readBlocks(int, int)’:
FileSystem.cpp:137:47: error: ‘bsize’ was not declared in this scope
     DiskBlockType* buffer = new DiskBlockType(bsize);
                                               ^~~~~
FileSystem.cpp:142:32: error: ‘strlen’ is not a member of ‘std’
             for(int i = 0; i < std::strlen(buffer->data); i++){
                                ^~~
In file included from FileSystem.h:7:0,
                 from Directory.h:6,
                 from UI.h:8,
                 from UI.cpp:10:
diskprocess.h:60:12: error: field ‘logfile’ has incomplete type ‘std::ofstream {aka std::basic_ofstream<char>}’
   ofstream logfile;   // the file to log debug info to if logging
            ^~~~~~~
In file included from /usr/include/c++/6.3.1/ios:38:0,
                 from /usr/include/c++/6.3.1/ostream:38,
                 from /usr/include/c++/6.3.1/iostream:39,
                 from UI.cpp:2:
/usr/include/c++/6.3.1/iosfwd:119:11: note: declaration of ‘std::ofstream {aka class std::basic_ofstream<char>}’
     class basic_ofstream;
           ^~~~~~~~~~~~~~
In file included from UI.h:8:0,
                 from UI.cpp:10:
Directory.h:24:63: error: could not convert ‘(operator new(24ul), (<statement>, ((std::vector<FileControlBlock>*)<anonymous>)))’ from ‘std::vector<FileControlBlock>*’ to ‘std::vector<FileControlBlock>’
   vector<FileControlBlock> dir = new vector<FileControlBlock>();
                                                               ^
In file included from UI.cpp:10:0:
UI.h: In function ‘void edit(std::__cxx11::string)’:
UI.h:149:42: error: ‘std::__cxx11::string {aka class std::__cxx11::basic_string<char>}’ has no member named ‘eof’
     while (getline(cin, input) && !input.eof()){
